> TCP (n=3): "\e\xfb1"
Please present mifare card and keep at nquire
> TCP (n=25): "\e\x24\e\x2e4Present card\nplease\x03"
< TCP cmd (n=11): "MF76262fa5\n"
Received cardnumber: 76262fa5
> TCP (n=28): "\e\x24\e\x2e4Keep card close\nplease\x03"
> TCP (n=24): "\e\xf4E\xff1test took too long\x03"
Write data using different formats and validate write using a mifare read
> TCP (n=3): "\e\xfb0"
> TCP (n=47): "\e\xf976262fa5,0:KFFFFFFFFFFFFW11Bsector01-block1.\x03"
< TCP cmd (n=2): "\x06\n"
> TCP (n=63): "\e\xf976262fa5,0:KFFFFFFFFFFFFW12H736563746f7230312d626c6f636b322e\x03"
< TCP cmd (n=2): "\x06\n"
> TCP (n=31): "\e\xf876262fa5,FFFFFFFFFFFF:11B11H\x03"
< TCP cmd (n=51): "\x06sector01-block1.,736563746f7230312d626c6f636b312e\n"
> TCP (n=3): "\e\xfb1"
Write 1 block
> TCP (n=47): "\e\xf976262fa5,0:KFFFFFFFFFFFFW10Bsector01-block0.\x03"
< TCP cmd (n=2): "\x06\n"
Write 6 blocks in 1 transaction
> TCP (n=3): "\e\xfb0"
> TCP (n=147): "\e\xf976262fa5,0:KFFFFFFFFFFFFW10B0000000000000000W11B1111111111111111W12B2222222222222222W?0B3333333333333333W?1B4444444444444444W?2B5555555555555555\x03"
< TCP cmd (n=2): "\x06\n"
> TCP (n=43): "\e\xf876262fa5,FFFFFFFFFFFF:10B11B12B?0B?1B?2B\x03"
< TCP cmd (n=103): "\x060000000000000000,1111111111111111,2222222222222222,3333333333333333,4444444444444444,5555555555555555\n"
> TCP (n=3): "\e\xfb1"
> TCP (n=147): "\e\xf976262fa5,0:KFFFFFFFFFFFFW10Bsector01-block0.W11Bsector01-block1.W12Bsector01-block2.W?0Bsector0f-block0.W?1Bsector0f-block1.W?2Bsector0f-block2.\x03"
< TCP cmd (n=2): "\x06\n"
> TCP (n=43): "\e\xf876262fa5,FFFFFFFFFFFF:10B11B12B?0B?1B?2B\x03"
< TCP cmd (n=103): "\x06sector01-block0.,sector01-block1.,sector01-block2.,sector0f-block0.,sector0f-block1.,sector0f-block2.\n"
Writing data quickly in a row
> TCP (n=3): "\e\xfb0"
> TCP (n=47): "\e\xf976262fa5,0:KFFFFFFFFFFFFW10B0000000000000000\x03"
< TCP cmd (n=2): "\x06\n"
> TCP (n=47): "\e\xf976262fa5,0:KFFFFFFFFFFFFW11B1111111111111111\x03"
< TCP cmd (n=2): "\x06\n"
> TCP (n=47): "\e\xf976262fa5,0:KFFFFFFFFFFFFW12B2222222222222222\x03"
< TCP cmd (n=2): "\x06\n"
> TCP (n=47): "\e\xf976262fa5,0:KFFFFFFFFFFFFW?0B3333333333333333\x03"
< TCP cmd (n=2): "\x06\n"
> TCP (n=47): "\e\xf976262fa5,0:KFFFFFFFFFFFFW?1B4444444444444444\x03"
< TCP cmd (n=2): "\x06\n"
> TCP (n=47): "\e\xf976262fa5,0:KFFFFFFFFFFFFW?2B5555555555555555\x03"
< TCP cmd (n=2): "\x06\n"
> TCP (n=47): "\e\xf976262fa5,0:KFFFFFFFFFFFFW10Bsector01-block0.\x03"
< TCP cmd (n=2): "\x06\n"
> TCP (n=47): "\e\xf976262fa5,0:KFFFFFFFFFFFFW11Bsector01-block1.\x03"
< TCP cmd (n=2): "\x06\n"
> TCP (n=47): "\e\xf976262fa5,0:KFFFFFFFFFFFFW12Bsector01-block2.\x03"
< TCP cmd (n=2): "\x06\n"
> TCP (n=47): "\e\xf976262fa5,0:KFFFFFFFFFFFFW?0Bsector16-block0.\x03"
< TCP cmd (n=2): "\x06\n"
> TCP (n=47): "\e\xf976262fa5,0:KFFFFFFFFFFFFW?1Bsector16-block1.\x03"
< TCP cmd (n=2): "\x06\n"
> TCP (n=47): "\e\xf976262fa5,0:KFFFFFFFFFFFFW?2Bsector16-block2.\x03"
< TCP cmd (n=2): "\x06\n"
> TCP (n=3): "\e\xfb1"
checking incorrect cardnumber
> TCP (n=27): "\e\xf9deadbeef,0:K000000000000\x03"
< TCP cmd (n=3): "\x155\n"
Checking response to invalid key with data to write
> TCP (n=54): "\e\xf976262fa5,deadbeef:K000000000000W?2Bsector16-block2.\x03"
< TCP cmd (n=6): "\x15K0W3\n"
Checking response to invalid key without data to write
> TCP (n=34): "\e\xf976262fa5,deadbeef:K000000000000\x03"
< TCP cmd (n=2): "\x06\n"
= format errors =
checking invalid cardnumber format (2x)
> TCP (n=29): "\e\xf9123,deadbeef:K000000000000\x03"
< TCP cmd (n=3): "\x157\n"
> TCP (n=34): "\e\xf9abcdefgh,deadbeef:K000000000000\x03"
< TCP cmd (n=3): "\x157\n"
checking response to invalid write command
> TCP (n=46): "\e\xf976262fa5,0:KFFFFFFFFFFFFX?2Bsector16-block2\x03"
< TCP cmd (n=6): "\x15K0?4\n"
checking response to write without key
> TCP (n=34): "\e\xf976262fa5,0:W?2Bsector16-block2.\x03"
< TCP cmd (n=3): "\x157\n"
checking response to invalid key format (2x)
> TCP (n=42): "\e\xf976262fa5,0:K0123456W?2Bsector16-block2.\x03"
< TCP cmd (n=4): "\x15K4\n"
> TCP (n=43): "\e\xf976262fa5,0:KabcdefghW?2Bsector16-block2.\x03"
< TCP cmd (n=4): "\x15K4\n"
checking response to invalid sector
> TCP (n=47): "\e\xf976262fa5,0:KFFFFFFFFFFFFW@2Bsector16-block2.\x03"
< TCP cmd (n=6): "\x15K0W4\n"
checking response to invalid block (2x)
> TCP (n=47): "\e\xf976262fa5,0:KFFFFFFFFFFFFW?3Bsector16-block2.\x03"
< TCP cmd (n=6): "\x15K0W4\n"
> TCP (n=47): "\e\xf976262fa5,0:KFFFFFFFFFFFFW?-Bsector16-block2.\x03"
< TCP cmd (n=6): "\x15K0W4\n"
checking response to invalid format specifier
> TCP (n=47): "\e\xf976262fa5,0:KFFFFFFFFFFFFW?2Xsector16-block2.\x03"
< TCP cmd (n=6): "\x15K0W4\n"
checking response to invalid data (3x)
> TCP (n=46): "\e\xf976262fa5,0:KFFFFFFFFFFFFW?2B0123456789abcde\x03"
< TCP cmd (n=6): "\x15K0W4\n"
> TCP (n=47): "\e\xf976262fa5,0:KFFFFFFFFFFFFW?2H0123456789abcdef\x03"
< TCP cmd (n=6): "\x15K0W4\n"
> TCP (n=62): "\e\xf976262fa5,0:KFFFFFFFFFFFFW?2H0123456789abcdef0123456789abcde\x03"
< TCP cmd (n=6): "\x15K0W4\n"
> TCP (n=15): "\e\x24\e\x2e4Thank you\x03"
< TCP cmd (n=21): "TQtest took too long\n"
> TCP (n=2): "\e\xf3"
